[2022-08-08T11:25:07.563+0200] Heap region size: 1M
[2022-08-08T11:25:07.564+0200] Using G1
[2022-08-08T11:25:07.564+0200] Heap address: 0x00000000fe200000, size: 30 MB, Compressed Oops mode: 32-bit
[2022-08-08T11:25:07.564+0200] Mark closed archive regions in map: [0x00000000fff00000, 0x00000000fff6aff8]
[2022-08-08T11:25:07.564+0200] Mark open archive regions in map: [0x00000000ffe00000, 0x00000000ffe47ff8]
[2022-08-08T11:25:07.692+0200] GC(0) Pause Young (Normal) (G1 Evacuation Pause)
[2022-08-08T11:25:07.692+0200] GC(0) Using 2 workers of 8 for evacuation
[2022-08-08T11:25:07.702+0200] GC(0)   Pre Evacuate Collection Set: 0.0ms
[2022-08-08T11:25:07.702+0200] GC(0)   Evacuate Collection Set: 9.1ms
[2022-08-08T11:25:07.702+0200] GC(0)   Post Evacuate Collection Set: 0.2ms
[2022-08-08T11:25:07.702+0200] GC(0)   Other: 0.2ms
[2022-08-08T11:25:07.702+0200] GC(0) Eden regions: 4->0(1)
[2022-08-08T11:25:07.702+0200] GC(0) Survivor regions: 0->1(1)
[2022-08-08T11:25:07.702+0200] GC(0) Old regions: 2->4
[2022-08-08T11:25:07.702+0200] GC(0) Humongous regions: 0->0
[2022-08-08T11:25:07.702+0200] GC(0) Metaspace: 510K->510K(1056768K)
[2022-08-08T11:25:07.702+0200] GC(0) Pause Young (Normal) (G1 Evacuation Pause) 4M->3M(12M) 9.632ms
[2022-08-08T11:25:07.702+0200] GC(0) User=0.02s Sys=0.00s Real=0.01s
[2022-08-08T11:25:07.712+0200] GC(1) Pause Young (Normal) (G1 Evacuation Pause)
[2022-08-08T11:25:07.712+0200] GC(1) Using 2 workers of 8 for evacuation
[2022-08-08T11:25:07.720+0200] GC(1)   Pre Evacuate Collection Set: 0.0ms
[2022-08-08T11:25:07.720+0200] GC(1)   Evacuate Collection Set: 7.8ms
[2022-08-08T11:25:07.720+0200] GC(1)   Post Evacuate Collection Set: 0.1ms
[2022-08-08T11:25:07.720+0200] GC(1)   Other: 0.1ms
[2022-08-08T11:25:07.720+0200] GC(1) Eden regions: 1->0(1)
[2022-08-08T11:25:07.720+0200] GC(1) Survivor regions: 1->1(1)
[2022-08-08T11:25:07.720+0200] GC(1) Old regions: 4->5
[2022-08-08T11:25:07.720+0200] GC(1) Humongous regions: 0->0
[2022-08-08T11:25:07.720+0200] GC(1) Metaspace: 579K->579K(1056768K)
[2022-08-08T11:25:07.720+0200] GC(1) Pause Young (Normal) (G1 Evacuation Pause) 4M->4M(12M) 8.168ms
[2022-08-08T11:25:07.720+0200] GC(1) User=0.02s Sys=0.00s Real=0.01s
[2022-08-08T11:25:07.728+0200] GC(2) Pause Young (Concurrent Start) (G1 Evacuation Pause)
[2022-08-08T11:25:07.728+0200] GC(2) Using 2 workers of 8 for evacuation
[2022-08-08T11:25:07.729+0200] GC(2)   Pre Evacuate Collection Set: 0.0ms
[2022-08-08T11:25:07.729+0200] GC(2)   Evacuate Collection Set: 0.6ms
[2022-08-08T11:25:07.729+0200] GC(2)   Post Evacuate Collection Set: 0.2ms
[2022-08-08T11:25:07.729+0200] GC(2)   Other: 0.2ms
[2022-08-08T11:25:07.729+0200] GC(2) Eden regions: 1->0(1)
[2022-08-08T11:25:07.729+0200] GC(2) Survivor regions: 1->1(1)
[2022-08-08T11:25:07.729+0200] GC(2) Old regions: 5->6
[2022-08-08T11:25:07.729+0200] GC(2) Humongous regions: 0->0
[2022-08-08T11:25:07.729+0200] GC(2) Metaspace: 584K->584K(1056768K)
[2022-08-08T11:25:07.729+0200] GC(2) Pause Young (Concurrent Start) (G1 Evacuation Pause) 5M->4M(12M) 1.072ms
[2022-08-08T11:25:07.729+0200] GC(2) User=0.00s Sys=0.00s Real=0.01s
[2022-08-08T11:25:07.729+0200] GC(3) Concurrent Cycle
[2022-08-08T11:25:07.729+0200] GC(3) Concurrent Clear Claimed Marks
[2022-08-08T11:25:07.729+0200] GC(3) Concurrent Clear Claimed Marks 0.015ms
[2022-08-08T11:25:07.729+0200] GC(3) Concurrent Scan Root Regions
[2022-08-08T11:25:07.729+0200] GC(3) Concurrent Scan Root Regions 0.082ms
[2022-08-08T11:25:07.729+0200] GC(3) Concurrent Mark (0.169s)
[2022-08-08T11:25:07.729+0200] GC(3) Concurrent Mark From Roots
[2022-08-08T11:25:07.729+0200] GC(3) Using 2 workers of 2 for marking
[2022-08-08T11:25:07.739+0200] GC(3) Concurrent Mark From Roots 9.808ms
[2022-08-08T11:25:07.739+0200] GC(3) Concurrent Preclean
[2022-08-08T11:25:07.739+0200] GC(3) Concurrent Preclean 0.137ms
[2022-08-08T11:25:07.739+0200] GC(3) Concurrent Mark (0.169s, 0.179s) 10.019ms
[2022-08-08T11:25:07.747+0200] GC(3) Pause Remark
[2022-08-08T11:25:07.753+0200] GC(3) Cleaned string and symbol table, strings: 63 processed, 14 removed, symbols: 526 processed, 0 removed
[2022-08-08T11:25:07.753+0200] GC(3) Pause Remark 5M->5M(12M) 5.499ms
[2022-08-08T11:25:07.753+0200] GC(3) User=0.00s Sys=0.00s Real=0.01s
[2022-08-08T11:25:07.753+0200] GC(3) Concurrent Rebuild Remembered Sets
[2022-08-08T11:25:07.754+0200] GC(3) Concurrent Rebuild Remembered Sets 1.369ms
[2022-08-08T11:25:07.755+0200] GC(3) Pause Cleanup
[2022-08-08T11:25:07.755+0200] GC(3) Pause Cleanup 5M->5M(12M) 0.069ms
[2022-08-08T11:25:07.755+0200] GC(3) User=0.00s Sys=0.00s Real=0.00s
[2022-08-08T11:25:07.755+0200] GC(3) Concurrent Cleanup for Next Mark
[2022-08-08T11:25:07.755+0200] GC(3) Concurrent Cleanup for Next Mark 0.155ms
[2022-08-08T11:25:07.755+0200] GC(3) Concurrent Cycle 26.683ms
[2022-08-08T11:25:07.771+0200] GC(4) Pause Young (Normal) (G1 Evacuation Pause)
[2022-08-08T11:25:07.771+0200] GC(4) Using 6 workers of 8 for evacuation
[2022-08-08T11:25:07.795+0200] GC(4)   Pre Evacuate Collection Set: 0.0ms
[2022-08-08T11:25:07.795+0200] GC(4)   Evacuate Collection Set: 24.0ms
[2022-08-08T11:25:07.795+0200] GC(4)   Post Evacuate Collection Set: 0.2ms
[2022-08-08T11:25:07.795+0200] GC(4)   Other: 0.5ms
[2022-08-08T11:25:07.795+0200] GC(4) Eden regions: 1->0(1)
[2022-08-08T11:25:07.795+0200] GC(4) Survivor regions: 1->1(1)
[2022-08-08T11:25:07.795+0200] GC(4) Old regions: 6->6
[2022-08-08T11:25:07.795+0200] GC(4) Humongous regions: 0->0
[2022-08-08T11:25:07.795+0200] GC(4) Metaspace: 1092K->1092K(1056768K)
[2022-08-08T11:25:07.795+0200] GC(4) Pause Young (Normal) (G1 Evacuation Pause) 5M->4M(12M) 24.715ms
[2022-08-08T11:25:07.795+0200] GC(4) User=0.10s Sys=0.00s Real=0.02s
[2022-08-08T11:25:20.809+0200] GC(5) Pause Young (Concurrent Start) (G1 Evacuation Pause)
[2022-08-08T11:25:20.809+0200] GC(5) Using 6 workers of 8 for evacuation
[2022-08-08T11:25:20.813+0200] GC(5)   Pre Evacuate Collection Set: 0.0ms
[2022-08-08T11:25:20.813+0200] GC(5)   Evacuate Collection Set: 3.3ms
[2022-08-08T11:25:20.813+0200] GC(5)   Post Evacuate Collection Set: 0.7ms
[2022-08-08T11:25:20.813+0200] GC(5)   Other: 0.3ms
[2022-08-08T11:25:20.813+0200] GC(5) Eden regions: 1->0(1)
[2022-08-08T11:25:20.813+0200] GC(5) Survivor regions: 1->1(1)
[2022-08-08T11:25:20.814+0200] GC(5) Old regions: 6->6
[2022-08-08T11:25:20.814+0200] GC(5) Humongous regions: 0->0
[2022-08-08T11:25:20.814+0200] GC(5) Metaspace: 1436K->1436K(1056768K)
[2022-08-08T11:25:20.814+0200] GC(5) Pause Young (Concurrent Start) (G1 Evacuation Pause) 5M->5M(12M) 4.713ms
[2022-08-08T11:25:20.814+0200] GC(5) User=0.02s Sys=0.00s Real=0.00s
[2022-08-08T11:25:20.814+0200] GC(6) Concurrent Cycle
[2022-08-08T11:25:20.814+0200] GC(6) Concurrent Clear Claimed Marks
[2022-08-08T11:25:20.814+0200] GC(6) Concurrent Clear Claimed Marks 0.031ms
[2022-08-08T11:25:20.814+0200] GC(6) Concurrent Scan Root Regions
[2022-08-08T11:25:20.815+0200] GC(6) Concurrent Scan Root Regions 1.243ms
[2022-08-08T11:25:20.815+0200] GC(6) Concurrent Mark (13.256s)
[2022-08-08T11:25:20.815+0200] GC(6) Concurrent Mark From Roots
[2022-08-08T11:25:20.815+0200] GC(6) Using 2 workers of 2 for marking
[2022-08-08T11:25:20.819+0200] GC(6) Concurrent Mark From Roots 4.110ms
[2022-08-08T11:25:20.819+0200] GC(6) Concurrent Preclean
[2022-08-08T11:25:20.820+0200] GC(6) Concurrent Preclean 0.292ms
[2022-08-08T11:25:20.820+0200] GC(6) Concurrent Mark (13.256s, 13.260s) 4.521ms
[2022-08-08T11:25:20.820+0200] GC(6) Pause Remark
[2022-08-08T11:25:20.821+0200] GC(6) Cleaned string and symbol table, strings: 1536 processed, 0 removed, symbols: 3503 processed, 1 removed
[2022-08-08T11:25:20.821+0200] GC(6) Pause Remark 5M->5M(12M) 0.927ms
[2022-08-08T11:25:20.821+0200] GC(6) User=0.00s Sys=0.00s Real=0.00s
[2022-08-08T11:25:20.821+0200] GC(6) Concurrent Rebuild Remembered Sets
[2022-08-08T11:25:20.823+0200] GC(6) Concurrent Rebuild Remembered Sets 2.010ms
[2022-08-08T11:25:20.823+0200] GC(6) Pause Cleanup
[2022-08-08T11:25:20.823+0200] GC(6) Pause Cleanup 5M->5M(12M) 0.138ms
[2022-08-08T11:25:20.824+0200] GC(6) User=0.00s Sys=0.00s Real=0.00s
[2022-08-08T11:25:20.824+0200] GC(6) Concurrent Cleanup for Next Mark
[2022-08-08T11:25:20.824+0200] GC(6) Concurrent Cleanup for Next Mark 0.331ms
[2022-08-08T11:25:20.824+0200] GC(6) Concurrent Cycle 10.148ms
[2022-08-08T11:26:23.849+0200] GC(7) Pause Young (Normal) (G1 Evacuation Pause)
[2022-08-08T11:26:23.849+0200] GC(7) Using 6 workers of 8 for evacuation
[2022-08-08T11:26:23.854+0200] GC(7)   Pre Evacuate Collection Set: 0.0ms
[2022-08-08T11:26:23.854+0200] GC(7)   Evacuate Collection Set: 4.5ms
[2022-08-08T11:26:23.854+0200] GC(7)   Post Evacuate Collection Set: 0.5ms
[2022-08-08T11:26:23.854+0200] GC(7)   Other: 0.3ms
[2022-08-08T11:26:23.854+0200] GC(7) Eden regions: 1->0(1)
[2022-08-08T11:26:23.854+0200] GC(7) Survivor regions: 1->1(1)
[2022-08-08T11:26:23.854+0200] GC(7) Old regions: 6->7
[2022-08-08T11:26:23.854+0200] GC(7) Humongous regions: 0->0
[2022-08-08T11:26:23.854+0200] GC(7) Metaspace: 1550K->1550K(1056768K)
[2022-08-08T11:26:23.855+0200] GC(7) Pause Young (Normal) (G1 Evacuation Pause) 6M->5M(12M) 5.397ms
[2022-08-08T11:26:23.855+0200] GC(7) User=0.02s Sys=0.00s Real=0.00s
[2022-08-08T11:27:29.878+0200] GC(8) Pause Young (Concurrent Start) (G1 Evacuation Pause)
[2022-08-08T11:27:29.878+0200] GC(8) Using 6 workers of 8 for evacuation
[2022-08-08T11:27:29.880+0200] GC(8)   Pre Evacuate Collection Set: 0.0ms
[2022-08-08T11:27:29.880+0200] GC(8)   Evacuate Collection Set: 1.7ms
[2022-08-08T11:27:29.880+0200] GC(8)   Post Evacuate Collection Set: 0.7ms
[2022-08-08T11:27:29.881+0200] GC(8)   Other: 0.3ms
[2022-08-08T11:27:29.881+0200] GC(8) Eden regions: 1->0(1)
[2022-08-08T11:27:29.881+0200] GC(8) Survivor regions: 1->1(1)
[2022-08-08T11:27:29.881+0200] GC(8) Old regions: 7->7
[2022-08-08T11:27:29.881+0200] GC(8) Humongous regions: 0->0
[2022-08-08T11:27:29.881+0200] GC(8) Metaspace: 1559K->1559K(1056768K)
[2022-08-08T11:27:29.881+0200] GC(8) Pause Young (Concurrent Start) (G1 Evacuation Pause) 6M->5M(12M) 2.970ms
[2022-08-08T11:27:29.881+0200] GC(8) User=0.01s Sys=0.00s Real=0.00s
[2022-08-08T11:27:29.881+0200] GC(9) Concurrent Cycle
[2022-08-08T11:27:29.881+0200] GC(9) Concurrent Clear Claimed Marks
[2022-08-08T11:27:29.881+0200] GC(9) Concurrent Clear Claimed Marks 0.028ms
[2022-08-08T11:27:29.881+0200] GC(9) Concurrent Scan Root Regions
[2022-08-08T11:27:29.882+0200] GC(9) Concurrent Scan Root Regions 0.698ms
[2022-08-08T11:27:29.882+0200] GC(9) Concurrent Mark (142.322s)
[2022-08-08T11:27:29.882+0200] GC(9) Concurrent Mark From Roots
[2022-08-08T11:27:29.882+0200] GC(9) Using 2 workers of 2 for marking
[2022-08-08T11:27:29.885+0200] GC(9) Concurrent Mark From Roots 3.709ms
[2022-08-08T11:27:29.885+0200] GC(9) Concurrent Preclean
[2022-08-08T11:27:29.885+0200] GC(9) Concurrent Preclean 0.103ms
[2022-08-08T11:27:29.885+0200] GC(9) Concurrent Mark (142.322s, 142.326s) 3.878ms
[2022-08-08T11:27:29.886+0200] GC(9) Pause Remark
[2022-08-08T11:27:29.886+0200] GC(9) Cleaned string and symbol table, strings: 1537 processed, 16 removed, symbols: 3502 processed, 0 removed
[2022-08-08T11:27:29.886+0200] GC(9) Pause Remark 5M->5M(12M) 0.584ms
[2022-08-08T11:27:29.886+0200] GC(9) User=0.00s Sys=0.00s Real=0.00s
[2022-08-08T11:27:29.886+0200] GC(9) Concurrent Rebuild Remembered Sets
[2022-08-08T11:27:29.887+0200] GC(9) Concurrent Rebuild Remembered Sets 0.621ms
[2022-08-08T11:27:29.887+0200] GC(9) Pause Cleanup
[2022-08-08T11:27:29.887+0200] GC(9) Pause Cleanup 5M->5M(12M) 0.034ms
[2022-08-08T11:27:29.887+0200] GC(9) User=0.00s Sys=0.00s Real=0.00s
[2022-08-08T11:27:29.887+0200] GC(9) Concurrent Cleanup for Next Mark
[2022-08-08T11:27:29.887+0200] GC(9) Concurrent Cleanup for Next Mark 0.035ms
[2022-08-08T11:27:29.887+0200] GC(9) Concurrent Cycle 6.199ms
[2022-08-08T11:28:34.907+0200] GC(10) Pause Young (Normal) (G1 Evacuation Pause)
[2022-08-08T11:28:34.907+0200] GC(10) Using 6 workers of 8 for evacuation
[2022-08-08T11:28:34.910+0200] GC(10)   Pre Evacuate Collection Set: 0.0ms
[2022-08-08T11:28:34.910+0200] GC(10)   Evacuate Collection Set: 1.7ms
[2022-08-08T11:28:34.910+0200] GC(10)   Post Evacuate Collection Set: 0.7ms
[2022-08-08T11:28:34.910+0200] GC(10)   Other: 0.3ms
[2022-08-08T11:28:34.910+0200] GC(10) Eden regions: 1->0(1)
[2022-08-08T11:28:34.910+0200] GC(10) Survivor regions: 1->1(1)
[2022-08-08T11:28:34.910+0200] GC(10) Old regions: 7->7
[2022-08-08T11:28:34.910+0200] GC(10) Humongous regions: 0->0
[2022-08-08T11:28:34.910+0200] GC(10) Metaspace: 1559K->1559K(1056768K)
[2022-08-08T11:28:34.910+0200] GC(10) Pause Young (Normal) (G1 Evacuation Pause) 6M->5M(12M) 2.928ms
[2022-08-08T11:28:34.910+0200] GC(10) User=0.01s Sys=0.00s Real=0.01s
[2022-08-08T11:29:40.930+0200] GC(11) Pause Young (Concurrent Start) (G1 Evacuation Pause)
[2022-08-08T11:29:40.930+0200] GC(11) Using 6 workers of 8 for evacuation
[2022-08-08T11:29:40.933+0200] GC(11)   Pre Evacuate Collection Set: 0.0ms
[2022-08-08T11:29:40.933+0200] GC(11)   Evacuate Collection Set: 1.6ms
[2022-08-08T11:29:40.933+0200] GC(11)   Post Evacuate Collection Set: 0.7ms
[2022-08-08T11:29:40.933+0200] GC(11)   Other: 0.4ms
[2022-08-08T11:29:40.933+0200] GC(11) Eden regions: 1->0(1)
[2022-08-08T11:29:40.933+0200] GC(11) Survivor regions: 1->1(1)
[2022-08-08T11:29:40.933+0200] GC(11) Old regions: 7->7
[2022-08-08T11:29:40.933+0200] GC(11) Humongous regions: 0->0
[2022-08-08T11:29:40.933+0200] GC(11) Metaspace: 1571K->1571K(1056768K)
[2022-08-08T11:29:40.933+0200] GC(11) Pause Young (Concurrent Start) (G1 Evacuation Pause) 6M->5M(12M) 3.025ms
[2022-08-08T11:29:40.933+0200] GC(11) User=0.01s Sys=0.00s Real=0.00s
[2022-08-08T11:29:40.933+0200] GC(12) Concurrent Cycle
[2022-08-08T11:29:40.933+0200] GC(12) Concurrent Clear Claimed Marks
[2022-08-08T11:29:40.934+0200] GC(12) Concurrent Clear Claimed Marks 0.048ms
[2022-08-08T11:29:40.934+0200] GC(12) Concurrent Scan Root Regions
[2022-08-08T11:29:40.934+0200] GC(12) Concurrent Scan Root Regions 0.797ms
[2022-08-08T11:29:40.934+0200] GC(12) Concurrent Mark (273.375s)
[2022-08-08T11:29:40.934+0200] GC(12) Concurrent Mark From Roots
[2022-08-08T11:29:40.934+0200] GC(12) Using 2 workers of 2 for marking
[2022-08-08T11:29:40.938+0200] GC(12) Concurrent Mark From Roots 3.952ms
[2022-08-08T11:29:40.938+0200] GC(12) Concurrent Preclean
[2022-08-08T11:29:40.939+0200] GC(12) Concurrent Preclean 0.333ms
[2022-08-08T11:29:40.939+0200] GC(12) Concurrent Mark (273.375s, 273.379s) 4.402ms
[2022-08-08T11:29:40.939+0200] GC(12) Pause Remark
[2022-08-08T11:29:40.940+0200] GC(12) Cleaned string and symbol table, strings: 1521 processed, 0 removed, symbols: 3502 processed, 0 removed
[2022-08-08T11:29:40.940+0200] GC(12) Pause Remark 5M->5M(12M) 1.208ms
[2022-08-08T11:29:40.940+0200] GC(12) User=0.01s Sys=0.00s Real=0.00s
[2022-08-08T11:29:40.940+0200] GC(12) Concurrent Rebuild Remembered Sets
[2022-08-08T11:29:40.942+0200] GC(12) Concurrent Rebuild Remembered Sets 2.057ms
[2022-08-08T11:29:40.943+0200] GC(12) Pause Cleanup
[2022-08-08T11:29:40.943+0200] GC(12) Pause Cleanup 5M->5M(12M) 0.153ms
[2022-08-08T11:29:40.943+0200] GC(12) User=0.00s Sys=0.00s Real=0.00s
[2022-08-08T11:29:40.943+0200] GC(12) Concurrent Cleanup for Next Mark
[2022-08-08T11:29:40.943+0200] GC(12) Concurrent Cleanup for Next Mark 0.189ms
[2022-08-08T11:29:40.943+0200] GC(12) Concurrent Cycle 9.832ms
[2022-08-08T11:30:49.953+0200] GC(13) Pause Young (Normal) (G1 Evacuation Pause)
[2022-08-08T11:30:49.953+0200] GC(13) Using 6 workers of 8 for evacuation
[2022-08-08T11:30:49.954+0200] GC(13)   Pre Evacuate Collection Set: 0.0ms
[2022-08-08T11:30:49.954+0200] GC(13)   Evacuate Collection Set: 1.1ms
[2022-08-08T11:30:49.954+0200] GC(13)   Post Evacuate Collection Set: 0.4ms
[2022-08-08T11:30:49.954+0200] GC(13)   Other: 0.2ms
[2022-08-08T11:30:49.954+0200] GC(13) Eden regions: 1->0(1)
[2022-08-08T11:30:49.954+0200] GC(13) Survivor regions: 1->1(1)
[2022-08-08T11:30:49.954+0200] GC(13) Old regions: 7->7
[2022-08-08T11:30:49.954+0200] GC(13) Humongous regions: 0->0
[2022-08-08T11:30:49.954+0200] GC(13) Metaspace: 1572K->1572K(1056768K)
[2022-08-08T11:30:49.954+0200] GC(13) Pause Young (Normal) (G1 Evacuation Pause) 6M->5M(12M) 1.926ms
[2022-08-08T11:30:49.954+0200] GC(13) User=0.01s Sys=0.00s Real=0.00s
[2022-08-08T11:31:59.974+0200] GC(14) Pause Young (Concurrent Start) (G1 Evacuation Pause)
[2022-08-08T11:31:59.974+0200] GC(14) Using 6 workers of 8 for evacuation
[2022-08-08T11:31:59.976+0200] GC(14)   Pre Evacuate Collection Set: 0.0ms
[2022-08-08T11:31:59.976+0200] GC(14)   Evacuate Collection Set: 1.6ms
[2022-08-08T11:31:59.976+0200] GC(14)   Post Evacuate Collection Set: 0.7ms
[2022-08-08T11:31:59.976+0200] GC(14)   Other: 0.4ms
[2022-08-08T11:31:59.976+0200] GC(14) Eden regions: 1->0(1)
[2022-08-08T11:31:59.976+0200] GC(14) Survivor regions: 1->1(1)
[2022-08-08T11:31:59.977+0200] GC(14) Old regions: 7->7
[2022-08-08T11:31:59.977+0200] GC(14) Humongous regions: 0->0
[2022-08-08T11:31:59.977+0200] GC(14) Metaspace: 1576K->1576K(1056768K)
[2022-08-08T11:31:59.977+0200] GC(14) Pause Young (Concurrent Start) (G1 Evacuation Pause) 6M->5M(12M) 3.067ms
[2022-08-08T11:31:59.977+0200] GC(14) User=0.01s Sys=0.00s Real=0.01s
[2022-08-08T11:31:59.977+0200] GC(15) Concurrent Cycle
[2022-08-08T11:31:59.977+0200] GC(15) Concurrent Clear Claimed Marks
[2022-08-08T11:31:59.977+0200] GC(15) Concurrent Clear Claimed Marks 0.028ms
[2022-08-08T11:31:59.977+0200] GC(15) Concurrent Scan Root Regions
[2022-08-08T11:31:59.978+0200] GC(15) Concurrent Scan Root Regions 0.688ms
[2022-08-08T11:31:59.978+0200] GC(15) Concurrent Mark (412.418s)
[2022-08-08T11:31:59.978+0200] GC(15) Concurrent Mark From Roots
[2022-08-08T11:31:59.978+0200] GC(15) Using 2 workers of 2 for marking
[2022-08-08T11:31:59.980+0200] GC(15) Concurrent Mark From Roots 2.510ms
[2022-08-08T11:31:59.980+0200] GC(15) Concurrent Preclean
[2022-08-08T11:31:59.980+0200] GC(15) Concurrent Preclean 0.105ms
[2022-08-08T11:31:59.980+0200] GC(15) Concurrent Mark (412.418s, 412.421s) 2.661ms
[2022-08-08T11:31:59.980+0200] GC(15) Pause Remark
[2022-08-08T11:31:59.981+0200] GC(15) Cleaned string and symbol table, strings: 1521 processed, 0 removed, symbols: 3502 processed, 0 removed
[2022-08-08T11:31:59.981+0200] GC(15) Pause Remark 5M->5M(12M) 0.438ms
[2022-08-08T11:31:59.981+0200] GC(15) User=0.01s Sys=0.00s Real=0.00s
[2022-08-08T11:31:59.981+0200] GC(15) Concurrent Rebuild Remembered Sets
[2022-08-08T11:31:59.981+0200] GC(15) Concurrent Rebuild Remembered Sets 0.638ms
[2022-08-08T11:31:59.981+0200] GC(15) Pause Cleanup
[2022-08-08T11:31:59.981+0200] GC(15) Pause Cleanup 5M->5M(12M) 0.042ms
[2022-08-08T11:31:59.981+0200] GC(15) User=0.00s Sys=0.00s Real=0.00s
[2022-08-08T11:31:59.982+0200] GC(15) Concurrent Cleanup for Next Mark
[2022-08-08T11:31:59.982+0200] GC(15) Concurrent Cleanup for Next Mark 0.037ms
[2022-08-08T11:31:59.982+0200] GC(15) Concurrent Cycle 4.851ms
[2022-08-08T11:32:19.250+0200] Heap
[2022-08-08T11:32:19.250+0200]  garbage-first heap   total 12288K, used 5227K [0x00000000fe200000, 0x0000000100000000)
[2022-08-08T11:32:19.250+0200]   region size 1024K, 2 young (2048K), 1 survivors (1024K)
[2022-08-08T11:32:19.250+0200]  Metaspace       used 1579K, capacity 4652K, committed 4864K, reserved 1056768K
[2022-08-08T11:32:19.250+0200]   class space    used 116K, capacity 419K, committed 512K, reserved 1048576K
